# MNIST 손글씨 분류기 - 학습 기록
# Created: 2026-09-17

================================================================================
실행 정보
================================================================================
일시            : 2026-09-17 14:03 - 14:06 (KST)
명령            : python train_model.py
실행 이유       : 전체 재학습. 기존 model/mnist_cnn.pt를 먼저 삭제했으므로
                  이 가중치는 무작위 초기값에서 처음부터 학습한 결과다.
깃 커밋         : 29b6702
Python          : 3.13.3
PyTorch         : 2.12.0+cpu
torchvision     : 0.27.0+cpu
디바이스        : cpu (사용 가능한 CUDA 장치 없음)

하이퍼파라미터 (train_model.py 기본값)
  에폭          : 3
  배치 크기     : 128
  옵티마이저    : Adam, lr = 1e-3
  학습률 스케줄 : StepLR(step_size=1, gamma=0.7)
  손실 함수     : CrossEntropyLoss
  데이터 증강   : RandomAffine(degrees=10, translate=0.1, scale=0.9-1.1, shear=5)
                  학습 split에만 적용

================================================================================
콘솔 출력 (원문)
================================================================================
Device: cpu
Loading the MNIST dataset (it is downloaded on the first run)...
Train samples: 60,000 | Test samples: 10,000

Epoch 1/3
  epoch 1 | batch  100/469 | loss 1.0756
  epoch 1 | batch  200/469 | loss 0.7434
  epoch 1 | batch  300/469 | loss 0.5996
  epoch 1 | batch  400/469 | loss 0.5177
  epoch 1 | batch  469/469 | loss 0.4772
  -> average loss 0.4772 | test accuracy 98.54%

Epoch 2/3
  epoch 2 | batch  100/469 | loss 0.2009
  epoch 2 | batch  200/469 | loss 0.1932
  epoch 2 | batch  300/469 | loss 0.1899
  epoch 2 | batch  400/469 | loss 0.1848
  epoch 2 | batch  469/469 | loss 0.1840
  -> average loss 0.1840 | test accuracy 98.91%

Epoch 3/3
  epoch 3 | batch  100/469 | loss 0.1522
  epoch 3 | batch  200/469 | loss 0.1531
  epoch 3 | batch  300/469 | loss 0.1486
  epoch 3 | batch  400/469 | loss 0.1473
  epoch 3 | batch  469/469 | loss 0.1451
  -> average loss 0.1451 | test accuracy 99.15%

Training finished in 148.8s.
Saved the trained model to '<프로젝트 루트>\model\mnist_cnn.pt'.

(콘솔이 찍은 절대 경로는 한글 폴더명을 윈도우 코드페이지가 표현하지 못해 깨져
 있었다. 파일은 정상적으로 저장되었고 출력 문자열만 깨진 것이라, 위에서는 경로를
 <프로젝트 루트>로 바꿔 적었다.)

================================================================================
에폭 요약
================================================================================
  에폭  | 평균 손실   | 테스트 정확도
  ------+-------------+--------------
      1 |      0.4772 |      98.54 %
      2 |      0.1840 |      98.91 %
      3 |      0.1451 |      99.15 %

================================================================================
결과
================================================================================
최종 테스트 정확도 : 99.15 % (학습에 쓰지 않은 MNIST 테스트 1만 장)
총 학습 시간       : 148.8 초
체크포인트         : model/mnist_cnn.pt
  크기             : 1,883,907 바이트
  sha256 (앞 16자) : a7fb248be002c5d7
  파라미터 수      : 468,202
검증               : common.model.load_model()으로 오류 없이 로드됨

메모
  - 손실은 1에폭에서 1.0756 -> 0.4772로 급락한 뒤 미세 조정만 일어난다.
    StepLR이 에폭마다 학습률을 0.7배로 줄이기 때문이다.
  - 정확도 상승폭이 에폭마다 줄어든다(+0.37 pp, +0.24 pp). 3에폭이 수확 체감이
    시작되는 지점이며, `--epochs 8 --force`로 더 돌려도 0.2 pp 남짓이다.
  - 데스크톱 버전과 웹 버전이 이 체크포인트 하나를 함께 읽으므로, 두 버전의
    인식 결과는 이 가중치로 동일하다.
  - 구간별 손실 복원 등 자세한 분석은 `logs/analyze_log.py`와 그 결과물인
    `logs/analysis_2026-09-17.md`를 참고한다.
